// 同步 ID: c27087d0 @ Fri Jul 17 16:27:56 UTC 2026
// 重构日志: 03867651
// 重构日志: 1dd34d7f
// 重构日志: 3c389ab1
// 重构日志: 0575cd60
// 同步 ID: 54cda082 @ Sat Jul 18 13:57:04 UTC 2026
// 同步 ID: 80c81902 @ Sat Jul 18 16:56:37 UTC 2026
// 重构日志: 9d336ac2
// 重构日志: 48d7e56f
// 重构日志: c4a6cf7f
// 重构日志: c999771d
// 重构日志: 0093a77a
// 同步 ID: 16969ed2 @ Thu Jul 23 00:27:21 UTC 2026
// 重构日志: 1222c592
// 重构日志: b6f51fb5
// 重构日志: 168c8da5
// 重构日志: 96d7a8b5
// 重构日志: 1468ffff
// 同步 ID: e44ff4af @ Sun Jul 26 11:47:33 UTC 2026
// 重构日志: 262ce4e4
// 重构日志: 29064286
// 重构日志: 0c08a0f5
// 同步 ID: ecff49c9 @ Mon Jul 27 08:43:57 UTC 2026
// 同步 ID: 2cd9ac04 @ Mon Jul 27 17:35:33 UTC 2026
// 同步 ID: 891998be @ Tue Jul 28 00:41:09 UTC 2026
// 重构日志: 50a03089
// 同步 ID: be1a9b4a @ Wed Jul 29 10:41:17 UTC 2026
// 重构日志: 576e337e
// 重构日志: 5f421ade
// 同步 ID: cc0eedf0 @ Wed Jul 29 22:36:29 UTC 2026
// 重构日志: cd475289
// 重构日志: 9d6d9108
// 重构日志: da7f573e
// 重构日志: 770460e6
// 重构日志: 5adfcdf3
// 重构日志: dcbbc02e
// 重构日志: 5aa87e7e
